// Jest Snapshot v1, https://goo.gl/fbAQLP

exports[`<Footer /> renders the <Footer /> with populated data 1`] = `
<div
  class="footer__Container-sc-qu6i6-0 bwOijH"
>
  <p
    class="footer__Title-sc-qu6i6-4 euNNgW"
  >
     
    Questions? Contact us.
     
  </p>
  <div
    class="footer__Break-sc-qu6i6-6 cPBIKh"
  >
     
     
  </div>
  <div
    class="footer__Row-sc-qu6i6-2 bOtaUs"
  >
     
    <div
      class="footer__Column-sc-qu6i6-1 kXVIYP"
    >
       
      <a
        class="footer__Link-sc-qu6i6-3 bBslVj"
      >
         
        FAQ
         
      </a>
      <a
        class="footer__Link-sc-qu6i6-3 bBslVj"
      >
         
        Investor Relations
         
      </a>
      <a
        class="footer__Link-sc-qu6i6-3 bBslVj"
      >
         
        Ways to Watch
         
      </a>
      <a
        class="footer__Link-sc-qu6i6-3 bBslVj"
      >
         
        Corporate Information
         
      </a>
      <a
        class="footer__Link-sc-qu6i6-3 bBslVj"
      >
         
        Netflix Originals
         
      </a>
       
    </div>
    <div
      class="footer__Column-sc-qu6i6-1 kXVIYP"
    >
       
      <a
        class="footer__Link-sc-qu6i6-3 bBslVj"
      >
         
        Help Center
         
      </a>
      <a
        class="footer__Link-sc-qu6i6-3 bBslVj"
      >
         
        Jobs
         
      </a>
      <a
        class="footer__Link-sc-qu6i6-3 bBslVj"
      >
         
        Terms of Use
         
      </a>
      <a
        class="footer__Link-sc-qu6i6-3 bBslVj"
      >
         
        Contact Us
         
      </a>
       
    </div>
    <div
      class="footer__Column-sc-qu6i6-1 kXVIYP"
    >
       
      <a
        class="footer__Link-sc-qu6i6-3 bBslVj"
      >
         
        Account
         
      </a>
      <a
        class="footer__Link-sc-qu6i6-3 bBslVj"
      >
         
        Redeem Gift Cards
         
      </a>
      <a
        class="footer__Link-sc-qu6i6-3 bBslVj"
      >
         
        Privacy
         
      </a>
      <a
        class="footer__Link-sc-qu6i6-3 bBslVj"
      >
         
        Speed Test
         
      </a>
       
    </div>
    <div
      class="footer__Column-sc-qu6i6-1 kXVIYP"
    >
       
      <a
        class="footer__Link-sc-qu6i6-3 bBslVj"
      >
         
        Media Center
         
      </a>
      <a
        class="footer__Link-sc-qu6i6-3 bBslVj"
      >
         
        Buy Gift Cards
         
      </a>
      <a
        class="footer__Link-sc-qu6i6-3 bBslVj"
      >
         
        Cookie Preferences
         
      </a>
      <a
        class="footer__Link-sc-qu6i6-3 bBslVj"
      >
         
        Legal Notices
         
      </a>
       
    </div>
     
  </div>
  <div
    class="footer__Break-sc-qu6i6-6 cPBIKh"
  >
     
     
  </div>
  <p
    class="footer__Text-sc-qu6i6-5 izvmYz"
  >
     
    Netflix France
     
  </p>
</div>
`;
